// Jest Snapshot v1, https://goo.gl/fbAQLP

exports[`InterfaceContainer tests should match the snapshot 1`] = `undefined`;
